#-----------------------------------------------------------
# Vivado v2018.2 (64-bit)
# SW Build 2258646 on Thu Jun 14 20:03:12 MDT 2018
# IP Build 2256618 on Thu Jun 14 22:10:49 MDT 2018
# Start of session at: Sat Apr 20 10:38:31 2019
# Process ID: 3112
# Current directory: D:/PROJECTs/fpga-iot/adc
# Command line: vivado.exe -gui_launcher_event rodinguilauncherevent5504 D:\PROJECTs\fpga-iot\adc\adc.xpr
# Log file: D:/PROJECTs/fpga-iot/adc/vivado.log
# Journal file: D:/PROJECTs/fpga-iot/adc\vivado.jou
#-----------------------------------------------------------
start_gui
open_project D:/PROJECTs/fpga-iot/adc/adc.xpr
update_compile_order -fileset sources_1
update_compile_order -fileset sources_1
add_files -fileset constrs_1 -norecurse D:/PROJECTs/esp8266/esp8266.srcs/constrs_1/imports/new/Basys3_Master.xdc
import_files -fileset constrs_1 D:/PROJECTs/esp8266/esp8266.srcs/constrs_1/imports/new/Basys3_Master.xdc
launch_runs impl_1 -to_step write_bitstream -jobs 4
wait_on_run impl_1
open_hw
connect_hw_server
open_hw_target
set_property PROGRAM.FILE {D:/PROJECTs/fpga-iot/adc/adc.runs/impl_1/adc.bit} [get_hw_devices xc7a35t_0]
current_hw_device [get_hw_devices xc7a35t_0]
refresh_hw_device -update_hw_probes false [lindex [get_hw_devices xc7a35t_0] 0]
set_property PROBES.FILE {} [get_hw_devices xc7a35t_0]
set_property FULL_PROBES.FILE {} [get_hw_devices xc7a35t_0]
set_property PROGRAM.FILE {D:/PROJECTs/fpga-iot/adc/adc.runs/impl_1/adc.bit} [get_hw_devices xc7a35t_0]
program_hw_devices [get_hw_devices xc7a35t_0]
refresh_hw_device [lindex [get_hw_devices xc7a35t_0] 0]
close_project
create_project lcd_2x8 D:/PROJECTs/fpga-iot/lcd_2x8 -part xc7a35tcpg236-1
set_property target_language VHDL [current_project]
add_files -norecurse {C:/Users/ARGE/Downloads/lcd_example.vhd C:/Users/ARGE/Downloads/lcd_controller.vhd}
import_files -force -norecurse
import_files -fileset constrs_1 -force -norecurse C:/Users/ARGE/Downloads/Basys3_Master.xdc
update_compile_order -fileset sources_1
launch_runs impl_1 -to_step write_bitstream -jobs 4
wait_on_run impl_1
open_hw
